#Timing report of worst 16 path(s)
# Unit scale: 1e-09 seconds
# Output precision: 3

#Path 1
Startpoint: add_one^sel0~3.inpad[0] (.input clocked by virtual_io_clock)
Endpoint  : out:add_one^out~3.outpad[0] (.output clocked by virtual_io_clock)
Path Type : hold

Point                                                             Incr      Path
--------------------------------------------------------------------------------
clock virtual_io_clock (rise edge)                               0.000     0.000
clock source latency                                             0.000     0.000
input external delay                                             0.000     0.000
add_one^sel0~3.inpad[0] (.input)                                 0.000     0.000
add_one^ADD~0-4[0].a[0] (adder)                                  0.150     0.150
add_one^ADD~0-4[0].sumout[0] (adder)                             0.300     0.450
out:add_one^out~3.outpad[0] (.output)                            0.168     0.619
data arrival time                                                          0.619

clock virtual_io_clock (rise edge)                               0.000     0.000
clock source latency                                             0.000     0.000
clock uncertainty                                                0.000     0.000
output external delay                                            0.000     0.000
data required time                                                         0.000
--------------------------------------------------------------------------------
data required time                                                        -0.000
data arrival time                                                          0.619
--------------------------------------------------------------------------------
slack (MET)                                                                0.619


#Path 2
Startpoint: add_one^sel0~14.inpad[0] (.input clocked by virtual_io_clock)
Endpoint  : out:add_one^out~14.outpad[0] (.output clocked by virtual_io_clock)
Path Type : hold

Point                                                             Incr      Path
--------------------------------------------------------------------------------
clock virtual_io_clock (rise edge)                               0.000     0.000
clock source latency                                             0.000     0.000
input external delay                                             0.000     0.000
add_one^sel0~14.inpad[0] (.input)                                0.000     0.000
add_one^ADD~0-15[0].a[0] (adder)                                 0.170     0.170
add_one^ADD~0-15[0].sumout[0] (adder)                            0.300     0.470
out:add_one^out~14.outpad[0] (.output)                           0.150     0.621
data arrival time                                                          0.621

clock virtual_io_clock (rise edge)                               0.000     0.000
clock source latency                                             0.000     0.000
clock uncertainty                                                0.000     0.000
output external delay                                            0.000     0.000
data required time                                                         0.000
--------------------------------------------------------------------------------
data required time                                                        -0.000
data arrival time                                                          0.621
--------------------------------------------------------------------------------
slack (MET)                                                                0.621


#Path 3
Startpoint: add_one^sel1~8.inpad[0] (.input clocked by virtual_io_clock)
Endpoint  : out:add_one^out~8.outpad[0] (.output clocked by virtual_io_clock)
Path Type : hold

Point                                                             Incr      Path
--------------------------------------------------------------------------------
clock virtual_io_clock (rise edge)                               0.000     0.000
clock source latency                                             0.000     0.000
input external delay                                             0.000     0.000
add_one^sel1~8.inpad[0] (.input)                                 0.000     0.000
add_one^ADD~0-9[0].b[0] (adder)                                  0.150     0.150
add_one^ADD~0-9[0].sumout[0] (adder)                             0.300     0.450
out:add_one^out~8.outpad[0] (.output)                            0.171     0.621
data arrival time                                                          0.621

clock virtual_io_clock (rise edge)                               0.000     0.000
clock source latency                                             0.000     0.000
clock uncertainty                                                0.000     0.000
output external delay                                            0.000     0.000
data required time                                                         0.000
--------------------------------------------------------------------------------
data required time                                                        -0.000
data arrival time                                                          0.621
--------------------------------------------------------------------------------
slack (MET)                                                                0.621


#Path 4
Startpoint: add_one^sel1~12.inpad[0] (.input clocked by virtual_io_clock)
Endpoint  : out:add_one^out~12.outpad[0] (.output clocked by virtual_io_clock)
Path Type : hold

Point                                                             Incr      Path
--------------------------------------------------------------------------------
clock virtual_io_clock (rise edge)                               0.000     0.000
clock source latency                                             0.000     0.000
input external delay                                             0.000     0.000
add_one^sel1~12.inpad[0] (.input)                                0.000     0.000
add_one^ADD~0-13[0].b[0] (adder)                                 0.171     0.171
add_one^ADD~0-13[0].sumout[0] (adder)                            0.300     0.471
out:add_one^out~12.outpad[0] (.output)                           0.224     0.695
data arrival time                                                          0.695

clock virtual_io_clock (rise edge)                               0.000     0.000
clock source latency                                             0.000     0.000
clock uncertainty                                                0.000     0.000
output external delay                                            0.000     0.000
data required time                                                         0.000
--------------------------------------------------------------------------------
data required time                                                        -0.000
data arrival time                                                          0.695
--------------------------------------------------------------------------------
slack (MET)                                                                0.695


#Path 5
Startpoint: add_one^sel0~5.inpad[0] (.input clocked by virtual_io_clock)
Endpoint  : out:add_one^out~5.outpad[0] (.output clocked by virtual_io_clock)
Path Type : hold

Point                                                             Incr      Path
--------------------------------------------------------------------------------
clock virtual_io_clock (rise edge)                               0.000     0.000
clock source latency                                             0.000     0.000
input external delay                                             0.000     0.000
add_one^sel0~5.inpad[0] (.input)                                 0.000     0.000
add_one^ADD~0-6[0].a[0] (adder)                                  0.168     0.168
add_one^ADD~0-6[0].sumout[0] (adder)                             0.300     0.468
out:add_one^out~5.outpad[0] (.output)                            0.227     0.696
data arrival time                                                          0.696

clock virtual_io_clock (rise edge)                               0.000     0.000
clock source latency                                             0.000     0.000
clock uncertainty                                                0.000     0.000
output external delay                                            0.000     0.000
data required time                                                         0.000
--------------------------------------------------------------------------------
data required time                                                        -0.000
data arrival time                                                          0.696
--------------------------------------------------------------------------------
slack (MET)                                                                0.696


#Path 6
Startpoint: add_one^sel1~11.inpad[0] (.input clocked by virtual_io_clock)
Endpoint  : out:add_one^out~11.outpad[0] (.output clocked by virtual_io_clock)
Path Type : hold

Point                                                             Incr      Path
--------------------------------------------------------------------------------
clock virtual_io_clock (rise edge)                               0.000     0.000
clock source latency                                             0.000     0.000
input external delay                                             0.000     0.000
add_one^sel1~11.inpad[0] (.input)                                0.000     0.000
add_one^ADD~0-12[0].b[0] (adder)                                 0.171     0.171
add_one^ADD~0-12[0].sumout[0] (adder)                            0.300     0.471
out:add_one^out~11.outpad[0] (.output)                           0.266     0.737
data arrival time                                                          0.737

clock virtual_io_clock (rise edge)                               0.000     0.000
clock source latency                                             0.000     0.000
clock uncertainty                                                0.000     0.000
output external delay                                            0.000     0.000
data required time                                                         0.000
--------------------------------------------------------------------------------
data required time                                                        -0.000
data arrival time                                                          0.737
--------------------------------------------------------------------------------
slack (MET)                                                                0.737


#Path 7
Startpoint: add_one^sel0~2.inpad[0] (.input clocked by virtual_io_clock)
Endpoint  : out:add_one^out~2.outpad[0] (.output clocked by virtual_io_clock)
Path Type : hold

Point                                                             Incr      Path
--------------------------------------------------------------------------------
clock virtual_io_clock (rise edge)                               0.000     0.000
clock source latency                                             0.000     0.000
input external delay                                             0.000     0.000
add_one^sel0~2.inpad[0] (.input)                                 0.000     0.000
add_one^ADD~0-3[0].a[0] (adder)                                  0.150     0.150
add_one^ADD~0-3[0].sumout[0] (adder)                             0.300     0.450
out:add_one^out~2.outpad[0] (.output)                            0.305     0.755
data arrival time                                                          0.755

clock virtual_io_clock (rise edge)                               0.000     0.000
clock source latency                                             0.000     0.000
clock uncertainty                                                0.000     0.000
output external delay                                            0.000     0.000
data required time                                                         0.000
--------------------------------------------------------------------------------
data required time                                                        -0.000
data arrival time                                                          0.755
--------------------------------------------------------------------------------
slack (MET)                                                                0.755


#Path 8
Startpoint: add_one^sel1~6.inpad[0] (.input clocked by virtual_io_clock)
Endpoint  : out:add_one^out~6.outpad[0] (.output clocked by virtual_io_clock)
Path Type : hold

Point                                                             Incr      Path
--------------------------------------------------------------------------------
clock virtual_io_clock (rise edge)                               0.000     0.000
clock source latency                                             0.000     0.000
input external delay                                             0.000     0.000
add_one^sel1~6.inpad[0] (.input)                                 0.000     0.000
add_one^ADD~0-7[0].b[0] (adder)                                  0.226     0.226
add_one^ADD~0-7[0].sumout[0] (adder)                             0.300     0.526
out:add_one^out~6.outpad[0] (.output)                            0.246     0.772
data arrival time                                                          0.772

clock virtual_io_clock (rise edge)                               0.000     0.000
clock source latency                                             0.000     0.000
clock uncertainty                                                0.000     0.000
output external delay                                            0.000     0.000
data required time                                                         0.000
--------------------------------------------------------------------------------
data required time                                                        -0.000
data arrival time                                                          0.772
--------------------------------------------------------------------------------
slack (MET)                                                                0.772


#Path 9
Startpoint: add_one^sel1~10.inpad[0] (.input clocked by virtual_io_clock)
Endpoint  : out:add_one^out~10.outpad[0] (.output clocked by virtual_io_clock)
Path Type : hold

Point                                                             Incr      Path
--------------------------------------------------------------------------------
clock virtual_io_clock (rise edge)                               0.000     0.000
clock source latency                                             0.000     0.000
input external delay                                             0.000     0.000
add_one^sel1~10.inpad[0] (.input)                                0.000     0.000
add_one^ADD~0-11[0].b[0] (adder)                                 0.170     0.170
add_one^ADD~0-11[0].sumout[0] (adder)                            0.300     0.470
out:add_one^out~10.outpad[0] (.output)                           0.304     0.774
data arrival time                                                          0.774

clock virtual_io_clock (rise edge)                               0.000     0.000
clock source latency                                             0.000     0.000
clock uncertainty                                                0.000     0.000
output external delay                                            0.000     0.000
data required time                                                         0.000
--------------------------------------------------------------------------------
data required time                                                        -0.000
data arrival time                                                          0.774
--------------------------------------------------------------------------------
slack (MET)                                                                0.774


#Path 10
Startpoint: add_one^sel1~4.inpad[0] (.input clocked by virtual_io_clock)
Endpoint  : out:add_one^out~4.outpad[0] (.output clocked by virtual_io_clock)
Path Type : hold

Point                                                             Incr      Path
--------------------------------------------------------------------------------
clock virtual_io_clock (rise edge)                               0.000     0.000
clock source latency                                             0.000     0.000
input external delay                                             0.000     0.000
add_one^sel1~4.inpad[0] (.input)                                 0.000     0.000
add_one^ADD~0-5[0].b[0] (adder)                                  0.244     0.244
add_one^ADD~0-5[0].sumout[0] (adder)                             0.300     0.544
out:add_one^out~4.outpad[0] (.output)                            0.317     0.861
data arrival time                                                          0.861

clock virtual_io_clock (rise edge)                               0.000     0.000
clock source latency                                             0.000     0.000
clock uncertainty                                                0.000     0.000
output external delay                                            0.000     0.000
data required time                                                         0.000
--------------------------------------------------------------------------------
data required time                                                        -0.000
data arrival time                                                          0.861
--------------------------------------------------------------------------------
slack (MET)                                                                0.861


#Path 11
Startpoint: add_one^sel0~9.inpad[0] (.input clocked by virtual_io_clock)
Endpoint  : out:add_one^out~9.outpad[0] (.output clocked by virtual_io_clock)
Path Type : hold

Point                                                             Incr      Path
--------------------------------------------------------------------------------
clock virtual_io_clock (rise edge)                               0.000     0.000
clock source latency                                             0.000     0.000
input external delay                                             0.000     0.000
add_one^sel0~9.inpad[0] (.input)                                 0.000     0.000
add_one^ADD~0-10[0].a[0] (adder)                                 0.150     0.150
add_one^ADD~0-10[0].sumout[0] (adder)                            0.300     0.450
out:add_one^out~9.outpad[0] (.output)                            0.416     0.866
data arrival time                                                          0.866

clock virtual_io_clock (rise edge)                               0.000     0.000
clock source latency                                             0.000     0.000
clock uncertainty                                                0.000     0.000
output external delay                                            0.000     0.000
data required time                                                         0.000
--------------------------------------------------------------------------------
data required time                                                        -0.000
data arrival time                                                          0.866
--------------------------------------------------------------------------------
slack (MET)                                                                0.866


#Path 12
Startpoint: add_one^sel0~0.inpad[0] (.input clocked by virtual_io_clock)
Endpoint  : out:add_one^out~0.outpad[0] (.output clocked by virtual_io_clock)
Path Type : hold

Point                                                             Incr      Path
--------------------------------------------------------------------------------
clock virtual_io_clock (rise edge)                               0.000     0.000
clock source latency                                             0.000     0.000
input external delay                                             0.000     0.000
add_one^sel0~0.inpad[0] (.input)                                 0.000     0.000
add_one^ADD~0-1[0].a[0] (adder)                                  0.150     0.150
add_one^ADD~0-1[0].sumout[0] (adder)                             0.300     0.450
out:add_one^out~0.outpad[0] (.output)                            0.418     0.868
data arrival time                                                          0.868

clock virtual_io_clock (rise edge)                               0.000     0.000
clock source latency                                             0.000     0.000
clock uncertainty                                                0.000     0.000
output external delay                                            0.000     0.000
data required time                                                         0.000
--------------------------------------------------------------------------------
data required time                                                        -0.000
data arrival time                                                          0.868
--------------------------------------------------------------------------------
slack (MET)                                                                0.868


#Path 13
Startpoint: add_one^sel0~1.inpad[0] (.input clocked by virtual_io_clock)
Endpoint  : out:add_one^out~1.outpad[0] (.output clocked by virtual_io_clock)
Path Type : hold

Point                                                             Incr      Path
--------------------------------------------------------------------------------
clock virtual_io_clock (rise edge)                               0.000     0.000
clock source latency                                             0.000     0.000
input external delay                                             0.000     0.000
add_one^sel0~1.inpad[0] (.input)                                 0.000     0.000
add_one^ADD~0-2[0].a[0] (adder)                                  0.170     0.170
add_one^ADD~0-2[0].sumout[0] (adder)                             0.300     0.470
out:add_one^out~1.outpad[0] (.output)                            0.419     0.889
data arrival time                                                          0.889

clock virtual_io_clock (rise edge)                               0.000     0.000
clock source latency                                             0.000     0.000
clock uncertainty                                                0.000     0.000
output external delay                                            0.000     0.000
data required time                                                         0.000
--------------------------------------------------------------------------------
data required time                                                        -0.000
data arrival time                                                          0.889
--------------------------------------------------------------------------------
slack (MET)                                                                0.889


#Path 14
Startpoint: add_one^sel1~15.inpad[0] (.input clocked by virtual_io_clock)
Endpoint  : out:add_one^out~15.outpad[0] (.output clocked by virtual_io_clock)
Path Type : hold

Point                                                             Incr      Path
--------------------------------------------------------------------------------
clock virtual_io_clock (rise edge)                               0.000     0.000
clock source latency                                             0.000     0.000
input external delay                                             0.000     0.000
add_one^sel1~15.inpad[0] (.input)                                0.000     0.000
add_one^ADD~0-16[0].b[0] (adder)                                 0.244     0.244
add_one^ADD~0-16[0].sumout[0] (adder)                            0.300     0.544
out:add_one^out~15.outpad[0] (.output)                           0.400     0.944
data arrival time                                                          0.944

clock virtual_io_clock (rise edge)                               0.000     0.000
clock source latency                                             0.000     0.000
clock uncertainty                                                0.000     0.000
output external delay                                            0.000     0.000
data required time                                                         0.000
--------------------------------------------------------------------------------
data required time                                                        -0.000
data arrival time                                                          0.944
--------------------------------------------------------------------------------
slack (MET)                                                                0.944


#Path 15
Startpoint: add_one^sel0~13.inpad[0] (.input clocked by virtual_io_clock)
Endpoint  : out:add_one^out~13.outpad[0] (.output clocked by virtual_io_clock)
Path Type : hold

Point                                                             Incr      Path
--------------------------------------------------------------------------------
clock virtual_io_clock (rise edge)                               0.000     0.000
clock source latency                                             0.000     0.000
input external delay                                             0.000     0.000
add_one^sel0~13.inpad[0] (.input)                                0.000     0.000
add_one^ADD~0-14[0].a[0] (adder)                                 0.247     0.247
add_one^ADD~0-14[0].sumout[0] (adder)                            0.300     0.547
out:add_one^out~13.outpad[0] (.output)                           0.398     0.946
data arrival time                                                          0.946

clock virtual_io_clock (rise edge)                               0.000     0.000
clock source latency                                             0.000     0.000
clock uncertainty                                                0.000     0.000
output external delay                                            0.000     0.000
data required time                                                         0.000
--------------------------------------------------------------------------------
data required time                                                        -0.000
data arrival time                                                          0.946
--------------------------------------------------------------------------------
slack (MET)                                                                0.946


#Path 16
Startpoint: add_one^sel0~7.inpad[0] (.input clocked by virtual_io_clock)
Endpoint  : out:add_one^out~7.outpad[0] (.output clocked by virtual_io_clock)
Path Type : hold

Point                                                             Incr      Path
--------------------------------------------------------------------------------
clock virtual_io_clock (rise edge)                               0.000     0.000
clock source latency                                             0.000     0.000
input external delay                                             0.000     0.000
add_one^sel0~7.inpad[0] (.input)                                 0.000     0.000
add_one^ADD~0-8[0].a[0] (adder)                                  0.262     0.262
add_one^ADD~0-8[0].sumout[0] (adder)                             0.300     0.562
out:add_one^out~7.outpad[0] (.output)                            0.394     0.956
data arrival time                                                          0.956

clock virtual_io_clock (rise edge)                               0.000     0.000
clock source latency                                             0.000     0.000
clock uncertainty                                                0.000     0.000
output external delay                                            0.000     0.000
data required time                                                         0.000
--------------------------------------------------------------------------------
data required time                                                        -0.000
data arrival time                                                          0.956
--------------------------------------------------------------------------------
slack (MET)                                                                0.956


#End of timing report
